[2026-08-10T08:42:37.856Z] 8:42:37 AM [vite] (client) page reload client/index.html
[2026-08-10T08:42:37.864Z] 8:42:37 AM [vite] changed tsconfig file detected: /home/ubuntu/mofu-haven-website/tsconfig.json - Clearing cache and forcing full-reload to ensure TypeScript is compiled with updated config values.
[2026-08-10T08:42:43.498Z] ELIFECYCLE  Command failed.
[2026-08-10T08:42:43.499Z] WARN   Local package.json exists, but node_modules missing, did you mean to install?
[2026-08-10T08:42:43.515Z] Dev server exited with code -1
[2026-08-10T08:42:44.607Z] Starting dev server with command: pnpm run dev
[2026-08-10T08:42:45.209Z] [WARN] The "pnpm" field in package.json is no longer read by pnpm. The following keys were ignored: "pnpm.patchedDependencies", "pnpm.overrides". See https://pnpm.io/settings for the new home of each setting.
[2026-08-10T08:42:45.860Z] > mofu-haven-website@1.0.0 dev /home/ubuntu/mofu-haven-website
[2026-08-10T08:42:45.860Z] > vite --host
[2026-08-10T08:42:45.863Z] sh: 1: vite: not found
[2026-08-10T08:42:45.867Z] ELIFECYCLE  Command failed.
[2026-08-10T08:42:45.868Z] WARN   Local package.json exists, but node_modules missing, did you mean to install?
[2026-08-10T08:42:45.900Z] Dev server exited with code 1
[2026-08-10T08:43:07.614Z] Starting dev server with command: pnpm run dev
[2026-08-10T08:43:08.411Z] > mofu-haven-website@1.0.0 dev /home/ubuntu/mofu-haven-website
[2026-08-10T08:43:08.411Z] > vite --host
[2026-08-10T08:43:08.875Z] VITE v7.1.9  ready in 416 ms
[2026-08-10T08:43:08.875Z] ➜  Local:   http://localhost:3000/
[2026-08-10T08:43:08.875Z] ➜  Network: http://169.254.0.21:3000/
[2026-08-10T08:43:09.883Z] [baseline-browser-mapping] The data in this module is over two months old.  To ensure accurate Baseline data, please update: `npm i baseline-browser-mapping@latest -D`
[2026-08-10T08:43:10.583Z] [vite:css][postcss] @import must precede all other statements (besides @charset or empty @layer)
[2026-08-10T08:43:10.583Z] 5595 |    initial-value: 0;
[2026-08-10T08:43:10.583Z] 5596 |  }
[2026-08-10T08:43:10.584Z] 5597 |  @import url('https://fonts.googleapis.com/css2?family=Noto+Sans+JP:wght@400;500;600;700&family=Playfair+Display:wght@...
[2026-08-10T08:43:10.584Z] |  ^^^^^^^^^^^^^^^^^^^^^^^^^^^^^^^^^^^^^^^^^^^^^^^^^^^^^^^^^^^^^^^^^^^^^^^^^^^^^^^^^^^^^^^^^^^^^^^^^^^^^^^^^^^^^^^^^^^^^^^^
[2026-08-10T08:43:10.584Z] 5598 |  :root {
[2026-08-10T08:43:10.584Z] 5599 |    --primary: oklch(0.72 0.08 142);
[2026-08-10T08:43:44.429Z] 8:43:44 AM [vite] (client) hmr update /src/index.css
[2026-08-10T08:44:40.340Z] 8:44:40 AM [vite] (client) hmr update /src/components/SubBanner.tsx, /src/index.css
[2026-08-10T08:44:40.345Z] 8:44:40 AM [vite] (client) hmr update /src/index.css
[2026-08-10T08:44:50.585Z] 8:44:50 AM [vite] (client) hmr update /src/components/SubBanner.tsx, /src/index.css
[2026-08-10T08:44:50.587Z] 8:44:50 AM [vite] (client) hmr update /src/index.css
[2026-08-10T08:49:42.986Z] 8:49:42 AM [vite] (client) hmr update /src/index.css
[2026-08-10T08:50:16.305Z] [vite:css][postcss] @import must precede all other statements (besides @charset or empty @layer)
[2026-08-10T08:50:16.305Z] 5595 |    initial-value: 0;
[2026-08-10T08:50:16.305Z] 5596 |  }
[2026-08-10T08:50:16.305Z] 5597 |  @import url('https://fonts.googleapis.com/css2?family=Noto+Sans+JP:wght@400;500;600;700&family=Playfair+Display:wght@...
[2026-08-10T08:50:16.305Z] |  ^^^^^^^^^^^^^^^^^^^^^^^^^^^^^^^^^^^^^^^^^^^^^^^^^^^^^^^^^^^^^^^^^^^^^^^^^^^^^^^^^^^^^^^^^^^^^^^^^^^^^^^^^^^^^^^^^^^^^^^^
[2026-08-10T08:50:16.305Z] 5598 |  :root {
[2026-08-10T08:50:16.305Z] 5599 |    --primary: oklch(0.72 0.08 142);
[2026-08-10T09:12:41.516Z] 9:12:41 AM [vite] (client) hmr update /src/components/HeroBanner.tsx, /src/index.css
[2026-08-10T09:13:09.170Z] 9:13:09 AM [vite] (client) hmr update /src/components/SubBanner.tsx, /src/index.css
[2026-08-10T09:13:17.057Z] ELIFECYCLE  Command failed.
[2026-08-10T09:13:17.068Z] Dev server exited with code -1
[2026-08-10T09:13:18.165Z] Starting dev server with command: pnpm run dev
[2026-08-10T09:13:18.893Z] > mofu-haven-website@1.0.0 dev /home/ubuntu/mofu-haven-website
[2026-08-10T09:13:18.893Z] > vite --host
[2026-08-10T09:13:19.305Z] VITE v7.1.9  ready in 367 ms
[2026-08-10T09:13:19.305Z] ➜  Local:   http://localhost:3000/
[2026-08-10T09:13:19.305Z] ➜  Network: http://169.254.0.21:3000/
[2026-08-10T09:13:20.400Z] [baseline-browser-mapping] The data in this module is over two months old.  To ensure accurate Baseline data, please update: `npm i baseline-browser-mapping@latest -D`
[2026-08-10T09:13:21.069Z] [vite:css][postcss] @import must precede all other statements (besides @charset or empty @layer)
[2026-08-10T09:13:21.069Z] 5595 |    initial-value: 0;
[2026-08-10T09:13:21.069Z] 5596 |  }
[2026-08-10T09:13:21.070Z] 5597 |  @import url('https://fonts.googleapis.com/css2?family=Noto+Sans+JP:wght@400;500;600;700&family=Playfair+Display:wght@...
[2026-08-10T09:13:21.070Z] |  ^^^^^^^^^^^^^^^^^^^^^^^^^^^^^^^^^^^^^^^^^^^^^^^^^^^^^^^^^^^^^^^^^^^^^^^^^^^^^^^^^^^^^^^^^^^^^^^^^^^^^^^^^^^^^^^^^^^^^^^^
[2026-08-10T09:13:21.070Z] 5598 |  :root {
[2026-08-10T09:13:21.070Z] 5599 |    --primary: oklch(0.72 0.08 142);
[2026-08-10T09:13:35.665Z] 9:13:35 AM [vite] (client) hmr update /src/index.css
[2026-08-10T09:14:02.376Z] [vite:css][postcss] @import must precede all other statements (besides @charset or empty @layer)
[2026-08-10T09:14:02.376Z] 5595 |    initial-value: 0;
[2026-08-10T09:14:02.376Z] 5596 |  }
[2026-08-10T09:14:02.376Z] 5597 |  @import url('https://fonts.googleapis.com/css2?family=Noto+Sans+JP:wght@400;500;600;700&family=Playfair+Display:wght@...
[2026-08-10T09:14:02.376Z] |  ^^^^^^^^^^^^^^^^^^^^^^^^^^^^^^^^^^^^^^^^^^^^^^^^^^^^^^^^^^^^^^^^^^^^^^^^^^^^^^^^^^^^^^^^^^^^^^^^^^^^^^^^^^^^^^^^^^^^^^^^
[2026-08-10T09:14:02.376Z] 5598 |  :root {
[2026-08-10T09:14:02.376Z] 5599 |    --primary: oklch(0.72 0.08 142);
[2026-08-10T09:17:38.975Z] 9:17:38 AM [vite] (client) hmr update /src/components/HeroBanner.tsx, /src/index.css
[2026-08-10T09:17:45.774Z] ELIFECYCLE  Command failed.
[2026-08-10T09:17:45.791Z] Dev server exited with code -1
[2026-08-10T09:17:46.896Z] Starting dev server with command: pnpm run dev
[2026-08-10T09:17:47.714Z] > mofu-haven-website@1.0.0 dev /home/ubuntu/mofu-haven-website
[2026-08-10T09:17:47.714Z] > vite --host
[2026-08-10T09:17:48.171Z] VITE v7.1.9  ready in 407 ms
[2026-08-10T09:17:48.171Z] ➜  Local:   http://localhost:3000/
[2026-08-10T09:17:48.171Z] ➜  Network: http://169.254.0.21:3000/
[2026-08-10T09:17:49.148Z] [baseline-browser-mapping] The data in this module is over two months old.  To ensure accurate Baseline data, please update: `npm i baseline-browser-mapping@latest -D`
[2026-08-10T09:17:49.829Z] [vite:css][postcss] @import must precede all other statements (besides @charset or empty @layer)
[2026-08-10T09:17:49.829Z] 5595 |    initial-value: 0;
[2026-08-10T09:17:49.829Z] 5596 |  }
[2026-08-10T09:17:49.829Z] 5597 |  @import url('https://fonts.googleapis.com/css2?family=Noto+Sans+JP:wght@400;500;600;700&family=Playfair+Display:wght@...
[2026-08-10T09:17:49.829Z] |  ^^^^^^^^^^^^^^^^^^^^^^^^^^^^^^^^^^^^^^^^^^^^^^^^^^^^^^^^^^^^^^^^^^^^^^^^^^^^^^^^^^^^^^^^^^^^^^^^^^^^^^^^^^^^^^^^^^^^^^^^
[2026-08-10T09:17:49.829Z] 5598 |  :root {
[2026-08-10T09:17:49.829Z] 5599 |    --primary: oklch(0.72 0.08 142);
[2026-08-10T09:18:05.182Z] 9:18:05 AM [vite] (client) hmr update /src/index.css
[2026-08-10T09:18:37.685Z] [vite:css][postcss] @import must precede all other statements (besides @charset or empty @layer)
[2026-08-10T09:18:37.685Z] 5595 |    initial-value: 0;
[2026-08-10T09:18:37.685Z] 5596 |  }
[2026-08-10T09:18:37.685Z] 5597 |  @import url('https://fonts.googleapis.com/css2?family=Noto+Sans+JP:wght@400;500;600;700&family=Playfair+Display:wght@...
[2026-08-10T09:18:37.685Z] |  ^^^^^^^^^^^^^^^^^^^^^^^^^^^^^^^^^^^^^^^^^^^^^^^^^^^^^^^^^^^^^^^^^^^^^^^^^^^^^^^^^^^^^^^^^^^^^^^^^^^^^^^^^^^^^^^^^^^^^^^^
[2026-08-10T09:18:37.685Z] 5598 |  :root {
[2026-08-10T09:18:37.685Z] 5599 |    --primary: oklch(0.72 0.08 142);
[2026-08-10T09:27:10.264Z] 9:27:10 AM [vite] (client) hmr update /src/components/HeroBanner.tsx, /src/index.css
[2026-08-10T09:27:20.139Z] 9:27:20 AM [vite] (client) hmr update /src/index.css
[2026-08-10T09:27:56.279Z] [vite:css][postcss] @import must precede all other statements (besides @charset or empty @layer)
[2026-08-10T09:27:56.279Z] 5595 |    initial-value: 0;
[2026-08-10T09:27:56.279Z] 5596 |  }
[2026-08-10T09:27:56.279Z] 5597 |  @import url('https://fonts.googleapis.com/css2?family=Noto+Sans+JP:wght@400;500;600;700&family=Playfair+Display:wght@...
[2026-08-10T09:27:56.279Z] |  ^^^^^^^^^^^^^^^^^^^^^^^^^^^^^^^^^^^^^^^^^^^^^^^^^^^^^^^^^^^^^^^^^^^^^^^^^^^^^^^^^^^^^^^^^^^^^^^^^^^^^^^^^^^^^^^^^^^^^^^^
[2026-08-10T09:27:56.279Z] 5598 |  :root {
[2026-08-10T09:27:56.279Z] 5599 |    --primary: oklch(0.72 0.08 142);
[2026-08-10T11:17:58.412Z] 11:17:58 AM [vite] (client) hmr update /src/index.css
[2026-08-10T11:18:25.082Z] ELIFECYCLE  Command failed.
[2026-08-10T11:18:25.098Z] Dev server exited with code -1
[2026-08-10T11:18:26.186Z] Starting dev server with command: pnpm run dev
[2026-08-10T11:18:27.022Z] > mofu-haven-website@1.0.0 dev /home/ubuntu/mofu-haven-website
[2026-08-10T11:18:27.022Z] > vite --host
[2026-08-10T11:18:27.475Z] VITE v7.1.9  ready in 396 ms
[2026-08-10T11:18:27.475Z] ➜  Local:   http://localhost:3000/
[2026-08-10T11:18:27.475Z] ➜  Network: http://169.254.0.21:3000/
[2026-08-10T11:18:28.418Z] [baseline-browser-mapping] The data in this module is over two months old.  To ensure accurate Baseline data, please update: `npm i baseline-browser-mapping@latest -D`
[2026-08-10T11:18:58.827Z] 11:18:58 AM [vite] (client) hmr update /src/index.css
[2026-08-10T19:25:05.003Z] 7:25:05 PM [vite] (client) hmr update /src/components/HeroBanner.tsx, /src/index.css
[2026-08-10T19:25:18.143Z] 7:25:18 PM [vite] (client) hmr update /src/components/SubBanner.tsx, /src/index.css
[2026-08-10T19:25:34.255Z] 7:25:34 PM [vite] (client) hmr update /src/components/CategoryGrid.tsx, /src/index.css
[2026-08-10T19:26:02.511Z] ELIFECYCLE  Command failed.
[2026-08-10T19:26:02.525Z] Dev server exited with code -1
[2026-08-10T19:26:03.615Z] Starting dev server with command: pnpm run dev
[2026-08-10T19:26:04.328Z] > mofu-haven-website@1.0.0 dev /home/ubuntu/mofu-haven-website
[2026-08-10T19:26:04.328Z] > vite --host
[2026-08-10T19:26:04.740Z] VITE v7.1.9  ready in 369 ms
[2026-08-10T19:26:04.740Z] ➜  Local:   http://localhost:3000/
[2026-08-10T19:26:04.740Z] ➜  Network: http://169.254.0.21:3000/
[2026-08-10T19:26:05.840Z] [baseline-browser-mapping] The data in this module is over two months old.  To ensure accurate Baseline data, please update: `npm i baseline-browser-mapping@latest -D`
[2026-08-10T19:26:25.045Z] 7:26:25 PM [vite] (client) hmr update /src/index.css
[2026-08-19T01:41:50.495Z] Starting dev server with command: pnpm run dev
[2026-08-19T01:41:52.510Z] > mofu-haven-website@1.0.0 dev /home/ubuntu/mofu-haven-website
[2026-08-19T01:41:52.510Z] > vite --host
[2026-08-19T01:41:53.017Z] VITE v7.1.9  ready in 463 ms
[2026-08-19T01:41:53.017Z] ➜  Local:   http://localhost:3000/
[2026-08-19T01:41:53.017Z] ➜  Network: http://169.254.0.21:3000/
[2026-08-19T01:43:02.652Z] ELIFECYCLE  Command failed.
[2026-08-19T01:43:02.668Z] Dev server exited with code -1
[2026-08-19T01:43:03.812Z] Starting dev server with command: pnpm run dev
[2026-08-19T01:43:04.527Z] > mofu-haven-website@1.0.0 dev /home/ubuntu/mofu-haven-website
[2026-08-19T01:43:04.527Z] > NODE_ENV=development tsx watch server/_core/index.ts
[2026-08-19T01:43:04.992Z] node:internal/modules/run_main:122
[2026-08-19T01:43:04.992Z] triggerUncaughtException(
[2026-08-19T01:43:04.992Z] ^
[2026-08-19T01:43:04.993Z] Error [ERR_MODULE_NOT_FOUND]: Cannot find package 'dotenv' imported from /home/ubuntu/mofu-haven-website/server/_core/index.ts
[2026-08-19T01:43:04.993Z] at packageResolve (node:internal/modules/esm/resolve:857:9)
[2026-08-19T01:43:04.993Z] at moduleResolve (node:internal/modules/esm/resolve:926:18)
[2026-08-19T01:43:04.993Z] at defaultResolve (node:internal/modules/esm/resolve:1056:11)
[2026-08-19T01:43:04.993Z] at nextResolve (node:internal/modules/esm/hooks:748:28)
[2026-08-19T01:43:04.993Z] at resolveBase (file:///home/ubuntu/mofu-haven-website/node_modules/.pnpm/tsx@4.20.6/node_modules/tsx/dist/esm/index.mjs?1787103784847:2:3744)
[2026-08-19T01:43:04.993Z] at resolveDirectory (file:///home/ubuntu/mofu-haven-website/node_modules/.pnpm/tsx@4.20.6/node_modules/tsx/dist/esm/index.mjs?1787103784847:2:4243)
[2026-08-19T01:43:04.993Z] at resolveTsPaths (file:///home/ubuntu/mofu-haven-website/node_modules/.pnpm/tsx@4.20.6/node_modules/tsx/dist/esm/index.mjs?1787103784847:2:4984)
[2026-08-19T01:43:04.993Z] at async resolve (file:///home/ubuntu/mofu-haven-website/node_modules/.pnpm/tsx@4.20.6/node_modules/tsx/dist/esm/index.mjs?1787103784847:2:5355)
[2026-08-19T01:43:04.993Z] at async nextResolve (node:internal/modules/esm/hooks:748:22)
[2026-08-19T01:43:04.993Z] at async Hooks.resolve (node:internal/modules/esm/hooks:240:24) {
[2026-08-19T01:43:04.993Z] code: 'ERR_MODULE_NOT_FOUND'
[2026-08-19T01:43:04.993Z] }
[2026-08-19T01:43:04.993Z] Node.js v22.13.0
[2026-08-19T01:43:53.431Z] ELIFECYCLE  Command failed.
[2026-08-19T01:43:53.443Z] Dev server exited with code -1
[2026-08-19T01:43:54.541Z] Starting dev server with command: pnpm run dev
[2026-08-19T01:43:55.281Z] > mofu-haven-website@1.0.0 dev /home/ubuntu/mofu-haven-website
[2026-08-19T01:43:55.282Z] > NODE_ENV=development tsx watch server/_core/index.ts
[2026-08-19T01:43:56.879Z] [OAuth] Initialized with baseURL: https://api.manus.im
[2026-08-19T01:43:57.107Z] 1:43:57 AM [vite] (client) Re-optimizing dependencies because lockfile has changed
[2026-08-19T01:43:57.129Z] Server running on http://localhost:3000/
[2026-08-19T01:44:02.769Z] [baseline-browser-mapping] The data in this module is over two months old.  To ensure accurate Baseline data, please update: `npm i baseline-browser-mapping@latest -D`
[2026-08-19T01:44:09.553Z] ELIFECYCLE  Command failed.
[2026-08-19T01:44:09.612Z] Dev server exited with code -1
[2026-08-19T01:44:10.673Z] Starting dev server with command: pnpm run dev
[2026-08-19T01:44:11.400Z] > mofu-haven-website@1.0.0 dev /home/ubuntu/mofu-haven-website
[2026-08-19T01:44:11.400Z] > NODE_ENV=development tsx watch server/_core/index.ts
[2026-08-19T01:44:13.005Z] [OAuth] Initialized with baseURL: https://api.manus.im
[2026-08-19T01:44:13.218Z] Server running on http://localhost:3000/
[2026-08-19T01:44:13.279Z] ELIFECYCLE  Command failed.
[2026-08-19T01:44:13.351Z] Dev server exited with code -1
[2026-08-19T01:44:14.396Z] Starting dev server with command: pnpm run dev
[2026-08-19T01:44:15.112Z] > mofu-haven-website@1.0.0 dev /home/ubuntu/mofu-haven-website
[2026-08-19T01:44:15.112Z] > NODE_ENV=development tsx watch server/_core/index.ts
[2026-08-19T01:44:16.649Z] [OAuth] Initialized with baseURL: https://api.manus.im
[2026-08-19T01:44:16.858Z] Server running on http://localhost:3000/
[2026-08-19T01:44:51.653Z] ELIFECYCLE  Command failed.
[2026-08-19T01:44:51.707Z] Dev server exited with code -1
[2026-08-19T01:44:52.769Z] Starting dev server with command: pnpm run dev
[2026-08-19T01:44:53.525Z] > mofu-haven-website@1.0.0 dev /home/ubuntu/mofu-haven-website
[2026-08-19T01:44:53.525Z] > NODE_ENV=development tsx watch server/_core/index.ts
[2026-08-19T01:44:55.141Z] [OAuth] Initialized with baseURL: https://api.manus.im
[2026-08-19T01:44:55.372Z] 1:44:55 AM [vite] (client) Re-optimizing dependencies because lockfile has changed
[2026-08-19T01:44:55.400Z] Server running on http://localhost:3000/
[2026-08-19T01:45:44.160Z] 1:45:44 AM [tsx] change in ./server/routers.ts Restarting...
[2026-08-19T01:45:45.736Z] c[OAuth] Initialized with baseURL: https://api.manus.im
[2026-08-19T01:45:45.953Z] Server running on http://localhost:3000/
[2026-08-19T01:46:31.216Z] ELIFECYCLE  Command failed.
[2026-08-19T01:46:31.255Z] Dev server exited with code -1
[2026-08-19T01:46:32.321Z] Starting dev server with command: pnpm run dev
[2026-08-19T01:46:33.080Z] > mofu-haven-website@1.0.0 dev /home/ubuntu/mofu-haven-website
[2026-08-19T01:46:33.080Z] > NODE_ENV=development tsx watch server/_core/index.ts
[2026-08-19T01:46:34.755Z] [OAuth] Initialized with baseURL: https://api.manus.im
[2026-08-19T01:46:34.958Z] Server running on http://localhost:3000/
[2026-08-19T01:47:34.969Z] ELIFECYCLE  Command failed.
[2026-08-19T01:47:35.019Z] Dev server exited with code -1
[2026-08-19T01:47:36.074Z] Starting dev server with command: pnpm run dev
[2026-08-19T01:47:36.809Z] > mofu-haven-website@1.0.0 dev /home/ubuntu/mofu-haven-website
[2026-08-19T01:47:36.809Z] > NODE_ENV=development tsx watch server/_core/index.ts
[2026-08-19T01:47:38.550Z] [OAuth] Initialized with baseURL: https://api.manus.im
[2026-08-19T01:47:38.764Z] Server running on http://localhost:3000/
[2026-08-19T01:47:55.048Z] [Auth] Missing session cookie
[2026-08-19T02:41:26.287Z] ELIFECYCLE  Command failed.
[2026-08-19T02:41:26.343Z] Dev server exited with code -1
[2026-08-19T02:41:27.393Z] Starting dev server with command: pnpm run dev
[2026-08-19T02:41:28.075Z] > mofu-haven-website@1.0.0 dev /home/ubuntu/mofu-haven-website
[2026-08-19T02:41:28.075Z] > NODE_ENV=development tsx watch server/_core/index.ts
[2026-08-19T02:41:29.696Z] [OAuth] Initialized with baseURL: https://api.manus.im
[2026-08-19T02:41:29.898Z] Server running on http://localhost:3000/
[2026-08-19T03:05:39.407Z] 3:05:39 AM [tsx] change in ./server/stripeProducts.ts Restarting...
[2026-08-19T03:05:41.094Z] c[OAuth] Initialized with baseURL: https://api.manus.im
[2026-08-19T03:05:41.320Z] Server running on http://localhost:3000/
[2026-08-19T03:05:52.109Z] 3:05:52 AM [tsx] change in ./server/routers.ts Restarting...
[2026-08-19T03:05:53.752Z] c[OAuth] Initialized with baseURL: https://api.manus.im
[2026-08-19T03:05:53.957Z] Server running on http://localhost:3000/
[2026-08-19T03:06:36.416Z] ELIFECYCLE  Command failed.
[2026-08-19T03:06:36.451Z] Dev server exited with code -1
[2026-08-19T03:06:37.521Z] Starting dev server with command: pnpm run dev
[2026-08-19T03:06:38.223Z] > mofu-haven-website@1.0.0 dev /home/ubuntu/mofu-haven-website
[2026-08-19T03:06:38.223Z] > NODE_ENV=development tsx watch server/_core/index.ts
[2026-08-19T03:06:39.807Z] [OAuth] Initialized with baseURL: https://api.manus.im
[2026-08-19T03:06:40.012Z] Server running on http://localhost:3000/
[2026-08-19T03:07:03.521Z] [Auth] Missing session cookie
[2026-08-19T03:07:13.399Z] [baseline-browser-mapping] The data in this module is over two months old.  To ensure accurate Baseline data, please update: `npm i baseline-browser-mapping@latest -D`
[2026-08-19T03:13:32.648Z] ELIFECYCLE  Command failed.
[2026-08-19T03:13:32.707Z] Dev server exited with code -1
[2026-08-19T03:13:33.754Z] Starting dev server with command: pnpm run dev
[2026-08-19T03:13:34.492Z] > mofu-haven-website@1.0.0 dev /home/ubuntu/mofu-haven-website
[2026-08-19T03:13:34.492Z] > NODE_ENV=development tsx watch server/_core/index.ts
[2026-08-19T03:13:36.136Z] [OAuth] Initialized with baseURL: https://api.manus.im
[2026-08-19T03:13:36.351Z] Server running on http://localhost:3000/
[2026-08-19T03:13:50.019Z] [Auth] Missing session cookie
[2026-08-19T03:14:42.260Z] [baseline-browser-mapping] The data in this module is over two months old.  To ensure accurate Baseline data, please update: `npm i baseline-browser-mapping@latest -D`
[2026-08-19T03:15:35.341Z] 3:15:35 AM [vite] (client) hmr update /src/index.css
[2026-08-19T04:31:31.545Z] 4:31:31 AM [tsx] change in ./server/routers.ts Restarting...
[2026-08-19T04:31:33.270Z] c[OAuth] Initialized with baseURL: https://api.manus.im
[2026-08-19T04:31:33.476Z] Server running on http://localhost:3000/
[2026-08-19T04:33:49.523Z] ELIFECYCLE  Command failed.
[2026-08-19T04:33:49.551Z] Dev server exited with code -1
[2026-08-19T04:33:50.628Z] Starting dev server with command: pnpm run dev
[2026-08-19T04:33:51.315Z] > mofu-haven-website@1.0.0 dev /home/ubuntu/mofu-haven-website
[2026-08-19T04:33:51.316Z] > NODE_ENV=development tsx watch server/_core/index.ts
[2026-08-19T04:33:52.901Z] [OAuth] Initialized with baseURL: https://api.manus.im
[2026-08-19T04:33:53.105Z] Server running on http://localhost:3000/
[2026-08-19T04:34:01.278Z] [Auth] Missing session cookie
[2026-08-19T04:34:01.641Z] [Auth] Missing session cookie
[2026-08-19T04:34:01.862Z] [Auth] Missing session cookie
[2026-08-19T04:34:02.087Z] [Auth] Missing session cookie
[2026-08-19T04:35:21.623Z] 4:35:21 AM [tsx] change in ./shared/productCatalog.ts Restarting...
[2026-08-19T04:35:23.134Z] c[OAuth] Initialized with baseURL: https://api.manus.im
[2026-08-19T04:35:23.340Z] Server running on http://localhost:3000/
[2026-08-19T04:35:42.632Z] [Auth] Missing session cookie
[2026-08-19T04:35:43.005Z] [Auth] Missing session cookie
[2026-08-19T04:35:43.586Z] [Auth] Missing session cookie
[2026-08-19T04:35:43.803Z] [Auth] Missing session cookie
[2026-08-19T04:35:59.880Z] [baseline-browser-mapping] The data in this module is over two months old.  To ensure accurate Baseline data, please update: `npm i baseline-browser-mapping@latest -D`
[2026-08-19T04:39:45.206Z] 4:39:45 AM [tsx] change in ./shared/productCatalog.ts Restarting...
[2026-08-19T04:39:46.664Z] c[OAuth] Initialized with baseURL: https://api.manus.im
[2026-08-19T04:39:46.886Z] Server running on http://localhost:3000/
[2026-08-19T04:40:22.249Z] [Auth] Missing session cookie
[2026-08-19T04:40:22.626Z] [Auth] Missing session cookie
[2026-08-19T04:40:22.857Z] [Auth] Missing session cookie
[2026-08-19T04:40:23.079Z] [Auth] Missing session cookie
[2026-08-19T04:40:30.129Z] [baseline-browser-mapping] The data in this module is over two months old.  To ensure accurate Baseline data, please update: `npm i baseline-browser-mapping@latest -D`
[2026-08-19T04:41:25.933Z] 4:41:25 AM [vite] (client) hmr update /src/index.css
[2026-08-19T04:43:39.193Z] 4:43:39 AM [vite] (client) hmr update /src/index.css
[2026-08-19T04:45:59.604Z] [Auth] Missing session cookie
[2026-08-19T04:46:04.617Z] [Auth] Missing session cookie
[2026-08-19T06:51:29.129Z] 6:51:29 AM [tsx] change in ./shared/productCatalog.ts Restarting...
[2026-08-19T06:51:30.585Z] c[OAuth] Initialized with baseURL: https://api.manus.im
[2026-08-19T06:51:30.814Z] Server running on http://localhost:3000/
[2026-08-19T06:52:49.450Z] [baseline-browser-mapping] The data in this module is over two months old.  To ensure accurate Baseline data, please update: `npm i baseline-browser-mapping@latest -D`
[2026-08-19T06:54:11.753Z] [Auth] Missing session cookie
[2026-08-19T06:54:12.024Z] [Auth] Missing session cookie
[2026-08-19T06:55:03.129Z] 6:55:03 AM [tsx] change in ./shared/productCatalog.ts Restarting...
[2026-08-19T06:55:04.742Z] c[OAuth] Initialized with baseURL: https://api.manus.im
[2026-08-19T06:55:04.952Z] Server running on http://localhost:3000/
[2026-08-19T06:55:37.656Z] [Auth] Missing session cookie
[2026-08-19T06:55:38.025Z] [Auth] Missing session cookie
[2026-08-19T06:55:42.784Z] [baseline-browser-mapping] The data in this module is over two months old.  To ensure accurate Baseline data, please update: `npm i baseline-browser-mapping@latest -D`
[2026-08-19T06:56:27.871Z] 6:56:27 AM [vite] (client) hmr update /src/index.css
[2026-08-19T06:59:54.939Z] 6:59:54 AM [tsx] change in ./shared/productCatalog.ts Restarting...
[2026-08-19T06:59:56.714Z] c[OAuth] Initialized with baseURL: https://api.manus.im
[2026-08-19T06:59:56.942Z] Server running on http://localhost:3000/
[2026-08-19T07:00:11.456Z] 7:00:11 AM [tsx] change in ./server/routers.ts Restarting...
[2026-08-19T07:00:13.161Z] c[OAuth] Initialized with baseURL: https://api.manus.im
[2026-08-19T07:00:13.382Z] Server running on http://localhost:3000/
[2026-08-19T07:01:06.813Z] 7:01:06 AM [tsx] change in ./shared/productCatalog.ts Restarting...
[2026-08-19T07:01:08.394Z] c[OAuth] Initialized with baseURL: https://api.manus.im
[2026-08-19T07:01:08.608Z] Server running on http://localhost:3000/
[2026-08-19T07:01:22.342Z] [Auth] Missing session cookie
[2026-08-19T07:01:22.763Z] [Auth] Missing session cookie
[2026-08-19T07:01:23.049Z] [Auth] Missing session cookie
[2026-08-19T07:01:56.803Z] [Auth] Missing session cookie
[2026-08-19T07:02:03.405Z] [baseline-browser-mapping] The data in this module is over two months old.  To ensure accurate Baseline data, please update: `npm i baseline-browser-mapping@latest -D`
[2026-08-19T07:03:12.309Z] 7:03:12 AM [tsx] change in ./shared/productCatalog.ts Restarting...
[2026-08-19T07:03:14.157Z] c[OAuth] Initialized with baseURL: https://api.manus.im
[2026-08-19T07:03:14.374Z] Server running on http://localhost:3000/
[2026-08-19T07:03:34.011Z] 7:03:34 AM [tsx] change in ./server/routers.ts Restarting...
[2026-08-19T07:03:35.614Z] c[OAuth] Initialized with baseURL: https://api.manus.im
[2026-08-19T07:03:35.829Z] Server running on http://localhost:3000/
[2026-08-19T07:04:15.050Z] [Auth] Missing session cookie
[2026-08-19T07:04:15.433Z] [Auth] Missing session cookie
[2026-08-19T07:04:15.695Z] [Auth] Missing session cookie
[2026-08-19T07:04:23.518Z] [baseline-browser-mapping] The data in this module is over two months old.  To ensure accurate Baseline data, please update: `npm i baseline-browser-mapping@latest -D`
[2026-08-19T07:05:33.634Z] 7:05:33 AM [vite] (client) hmr update /src/index.css
[2026-08-19T07:06:56.214Z] 7:06:56 AM [vite] (client) hmr update /src/index.css
[2026-08-19T07:11:32.803Z] [Auth] Missing session cookie
[2026-08-19T07:11:35.065Z] [Auth] Missing session cookie
[2026-08-19T07:31:00.489Z] 7:31:00 AM [vite] (client) hmr update /src/components/ProductGrid.tsx
[2026-08-19T07:31:00.588Z] 7:31:00 AM [tsx] change in ./shared/productCatalog.ts Restarting...
[2026-08-19T07:31:02.241Z] c[OAuth] Initialized with baseURL: https://api.manus.im
[2026-08-19T07:31:02.456Z] Server running on http://localhost:3000/
[2026-08-19T07:32:44.222Z] [baseline-browser-mapping] The data in this module is over two months old.  To ensure accurate Baseline data, please update: `npm i baseline-browser-mapping@latest -D`
[2026-08-19T07:33:26.533Z] [Auth] Missing session cookie
[2026-08-19T07:35:14.807Z] [Auth] Missing session cookie
[2026-08-19T07:35:15.074Z] [Auth] Missing session cookie
[2026-08-19T07:35:15.284Z] [Auth] Missing session cookie
[2026-08-19T07:35:15.495Z] [Auth] Missing session cookie
[2026-08-19T07:35:44.768Z] 7:35:44 AM [vite] (client) hmr update /src/components/ProductGrid.tsx, /src/index.css
[2026-08-19T07:39:32.354Z] 7:39:32 AM [vite] (client) hmr update /src/components/ProductGrid.tsx, /src/index.css
[2026-08-19T07:40:15.263Z] 7:40:15 AM [tsx] change in ./server/stripeProducts.ts Restarting...
[2026-08-19T07:40:17.028Z] c[OAuth] Initialized with baseURL: https://api.manus.im
[2026-08-19T07:40:17.249Z] Server running on http://localhost:3000/
[2026-08-19T07:45:21.841Z] [Auth] Missing session cookie
[2026-08-19T07:46:12.576Z] [baseline-browser-mapping] The data in this module is over two months old.  To ensure accurate Baseline data, please update: `npm i baseline-browser-mapping@latest -D`
[2026-08-19T07:53:10.608Z] 7:53:10 AM [vite] (client) hmr update /src/index.css
[2026-08-19T07:56:04.168Z] 7:56:04 AM [vite] (client) hmr update /src/components/Header.tsx, /src/index.css
[2026-08-19T08:01:06.849Z] 8:01:06 AM [vite] (client) hmr update /src/index.css
[2026-08-19T08:02:02.539Z] [Auth] Missing session cookie
[2026-08-19T08:02:04.606Z] [Auth] Missing session cookie
[2026-08-19T08:06:49.586Z] 8:06:49 AM [vite] (client) hmr update /src/components/CategoryGrid.tsx, /src/index.css
[2026-08-19T08:09:21.455Z] 8:09:21 AM [vite] (client) hmr update /src/index.css
[2026-08-19T08:10:17.662Z] [Auth] Missing session cookie
[2026-08-19T08:10:19.520Z] [Auth] Missing session cookie
[2026-08-19T08:16:45.849Z] 8:16:45 AM [vite] (client) hmr update /src/components/ui/button.tsx, /src/index.css
[2026-08-19T08:17:11.027Z] 8:17:11 AM [vite] (client) hmr update /src/components/ProductGrid.tsx, /src/index.css
[2026-08-19T08:17:22.335Z] 8:17:22 AM [vite] (client) hmr update /src/components/CategoryGrid.tsx, /src/index.css
[2026-08-19T08:17:37.791Z] 8:17:37 AM [vite] (client) hmr update /src/components/HeroBanner.tsx, /src/index.css
[2026-08-19T08:17:45.146Z] 8:17:45 AM [vite] (client) hmr update /src/components/SubBanner.tsx, /src/index.css
[2026-08-19T08:20:35.905Z] 8:20:35 AM [vite] (client) hmr update /src/components/Header.tsx, /src/index.css
[2026-08-19T08:20:48.007Z] 8:20:48 AM [vite] (client) hmr update /src/components/Header.tsx, /src/index.css
[2026-08-19T08:21:05.568Z] 8:21:05 AM [vite] (client) hmr update /src/components/ErrorBoundary.tsx, /src/index.css
[2026-08-19T08:22:31.545Z] 8:22:31 AM [vite] (client) hmr update /src/components/HeroBanner.tsx, /src/index.css
[2026-08-19T08:22:41.793Z] 8:22:41 AM [vite] (client) hmr update /src/components/SubBanner.tsx, /src/index.css
[2026-08-19T08:22:54.452Z] [Auth] Missing session cookie
[2026-08-19T08:23:10.233Z] [Auth] Missing session cookie
[2026-08-19T08:23:24.482Z] [Auth] Missing session cookie
[2026-08-19T08:23:36.728Z] [Auth] Missing session cookie
[2026-08-19T08:23:52.004Z] [Auth] Missing session cookie
[2026-08-19T08:25:18.086Z] 8:25:18 AM [vite] (client) hmr update /src/index.css
[2026-08-19T08:25:53.488Z] [Auth] Missing session cookie
[2026-08-19T08:26:16.319Z] [Auth] Missing session cookie
[2026-08-19T08:26:18.404Z] [Auth] Missing session cookie
[2026-08-19T08:27:24.336Z] [Auth] Missing session cookie
[2026-08-19T08:27:26.083Z] [Auth] Missing session cookie
[2026-08-19T08:44:17.464Z] 8:44:17 AM [vite] (client) hmr update /src/components/CategoryGrid.tsx, /src/index.css
[2026-08-19T08:44:29.090Z] 8:44:29 AM [vite] (client) hmr update /src/components/SubBanner.tsx, /src/index.css
[2026-08-19T08:56:40.034Z] 8:56:40 AM [vite] (client) hmr update /src/components/Header.tsx, /src/index.css
[2026-08-19T08:57:10.616Z] [Auth] Missing session cookie
[2026-08-19T08:58:02.140Z] [Auth] Missing session cookie
[2026-08-19T08:58:13.691Z] [Auth] Missing session cookie
[2026-08-19T09:00:00.603Z] 9:00:00 AM [vite] (client) hmr update /src/components/ProductGrid.tsx, /src/index.css
[2026-08-19T09:00:01.706Z] [Auth] Missing session cookie
[2026-08-19T09:02:00.429Z] 9:02:00 AM [vite] (client) hmr update /src/index.css
[2026-08-19T09:02:34.493Z] [Auth] Missing session cookie
[2026-08-19T09:03:34.680Z] [Auth] Missing session cookie
[2026-08-19T09:03:36.769Z] [Auth] Missing session cookie
[2026-08-19T09:04:07.489Z] [Auth] Missing session cookie
[2026-08-19T09:04:09.652Z] [Auth] Missing session cookie
[2026-08-19T09:11:50.808Z] 9:11:50 AM [vite] (client) hmr update /src/components/Footer.tsx, /src/index.css
[2026-08-19T09:11:58.346Z] 9:11:58 AM [vite] (client) hmr update /src/components/CategoryGrid.tsx, /src/index.css
[2026-08-19T09:12:21.203Z] 9:12:21 AM [vite] (client) hmr update /src/App.tsx, /src/index.css
[2026-08-19T09:12:30.809Z] 9:12:30 AM [vite] (client) hmr update /src/components/ProductGrid.tsx, /src/index.css
[2026-08-19T09:12:31.724Z] [Auth] Missing session cookie
[2026-08-19T09:13:00.499Z] [Auth] Missing session cookie
[2026-08-19T09:13:15.219Z] [Auth] Missing session cookie
[2026-08-19T09:14:25.830Z] [Auth] Missing session cookie
[2026-08-19T09:14:51.822Z] [Auth] Missing session cookie
[2026-08-19T09:16:10.510Z] [Auth] Missing session cookie
[2026-08-19T09:16:45.545Z] [Auth] Missing session cookie
[2026-08-19T09:17:01.714Z] [Auth] Missing session cookie
[2026-08-19T09:17:23.233Z] [Auth] Missing session cookie
[2026-08-19T09:17:37.345Z] [Auth] Missing session cookie
[2026-08-19T09:17:59.749Z] [Auth] Missing session cookie
[2026-08-19T09:18:14.974Z] [Auth] Missing session cookie
[2026-08-19T09:18:33.638Z] [Auth] Missing session cookie
[2026-08-19T09:18:44.687Z] [Auth] Missing session cookie
[2026-08-19T09:19:30.040Z] 9:19:30 AM [vite] (client) hmr update /src/index.css
[2026-08-19T09:20:00.163Z] [Auth] Missing session cookie
[2026-08-19T09:20:28.298Z] [Auth] Missing session cookie
[2026-08-19T09:20:30.364Z] [Auth] Missing session cookie
[2026-08-19T09:21:21.467Z] [Auth] Missing session cookie
[2026-08-19T09:21:23.364Z] [Auth] Missing session cookie
[2026-08-19T09:32:46.619Z] 9:32:46 AM [vite] (client) hmr update /src/components/Header.tsx, /src/index.css
[2026-08-19T09:33:37.626Z] [Auth] Missing session cookie
[2026-08-19T09:34:09.598Z] [Auth] Missing session cookie
[2026-08-19T09:34:20.206Z] [Auth] Missing session cookie
[2026-08-19T09:36:00.143Z] 9:36:00 AM [vite] (client) hmr update /src/index.css
[2026-08-19T09:36:33.168Z] [Auth] Missing session cookie
[2026-08-19T09:38:30.497Z] [Auth] Missing session cookie
[2026-08-19T09:38:32.518Z] [Auth] Missing session cookie
[2026-08-19T09:54:39.961Z] 9:54:39 AM [vite] (client) hmr update /src/components/Header.tsx, /src/index.css
[2026-08-19T09:54:47.476Z] 9:54:47 AM [vite] (client) hmr update /src/components/Footer.tsx, /src/index.css
[2026-08-19T09:55:26.404Z] 9:55:26 AM [vite] (client) hmr update /src/components/Header.tsx, /src/index.css
[2026-08-19T09:55:37.563Z] 9:55:37 AM [vite] (client) hmr update /src/App.tsx, /src/index.css
[2026-08-19T09:56:31.579Z] 9:56:31 AM [vite] (client) hmr update /src/components/ProductGrid.tsx, /src/index.css
[2026-08-19T09:57:00.774Z] 9:57:00 AM [vite] (client) ✨ new dependencies optimized: @radix-ui/react-dialog
[2026-08-19T09:57:00.774Z] 9:57:00 AM [vite] (client) ✨ optimized dependencies changed. reloading
[2026-08-19T10:01:10.514Z] ELIFECYCLE  Command failed.
[2026-08-19T10:01:10.585Z] Dev server exited with code -1
[2026-08-19T10:01:11.625Z] Starting dev server with command: pnpm run dev
[2026-08-19T10:01:12.470Z] > mofu-haven-website@1.0.0 dev /home/ubuntu/mofu-haven-website
[2026-08-19T10:01:12.470Z] > NODE_ENV=development tsx watch server/_core/index.ts
[2026-08-19T10:01:14.289Z] [OAuth] Initialized with baseURL: https://api.manus.im
[2026-08-19T10:01:14.515Z] 10:01:14 AM [vite] (client) Re-optimizing dependencies because lockfile has changed
[2026-08-19T10:01:14.537Z] Server running on http://localhost:3000/
[2026-08-19T10:02:08.396Z] [baseline-browser-mapping] The data in this module is over two months old.  To ensure accurate Baseline data, please update: `npm i baseline-browser-mapping@latest -D`
[2026-08-19T10:02:09.947Z] [Auth] Missing session cookie
[2026-08-19T10:02:35.432Z] [Auth] Missing session cookie
[2026-08-19T10:03:59.194Z] 10:03:59 AM [vite] (client) hmr update /src/index.css
[2026-08-19T10:05:32.976Z] [Auth] Missing session cookie
[2026-08-19T10:05:35.074Z] [Auth] Missing session cookie
[2026-08-19T10:12:41.656Z] [Auth] Missing session cookie
[2026-08-19T10:50:27.753Z] ELIFECYCLE  Command failed.
[2026-08-19T10:50:27.808Z] Dev server exited with code -1
[2026-08-19T10:50:28.861Z] Starting dev server with command: pnpm run dev
[2026-08-19T10:50:29.586Z] > mofu-haven-website@1.0.0 dev /home/ubuntu/mofu-haven-website
[2026-08-19T10:50:29.587Z] > NODE_ENV=development tsx watch server/_core/index.ts
[2026-08-19T10:50:31.290Z] [OAuth] Initialized with baseURL: https://api.manus.im
[2026-08-19T10:50:31.499Z] Server running on http://localhost:3000/
[2026-08-19T10:54:06.755Z] ELIFECYCLE  Command failed.
[2026-08-19T10:54:06.804Z] Dev server exited with code -1
[2026-08-19T10:54:07.862Z] Starting dev server with command: pnpm run dev
[2026-08-19T10:54:08.558Z] > mofu-haven-website@1.0.0 dev /home/ubuntu/mofu-haven-website
[2026-08-19T10:54:08.558Z] > NODE_ENV=development tsx watch server/_core/index.ts
[2026-08-19T10:54:10.172Z] [OAuth] Initialized with baseURL: https://api.manus.im
[2026-08-19T10:54:10.380Z] Server running on http://localhost:3000/
[2026-08-19T10:54:50.153Z] 10:54:50 AM [tsx] change in ./server/routers.ts Restarting...
[2026-08-19T10:54:51.855Z] c[OAuth] Initialized with baseURL: https://api.manus.im
[2026-08-19T10:54:52.088Z] Server running on http://localhost:3000/
[2026-08-19T10:55:24.061Z] ELIFECYCLE  Command failed.
[2026-08-19T10:55:24.116Z] Dev server exited with code -1
[2026-08-19T10:55:25.169Z] Starting dev server with command: pnpm run dev
[2026-08-19T10:55:25.902Z] > mofu-haven-website@1.0.0 dev /home/ubuntu/mofu-haven-website
[2026-08-19T10:55:25.902Z] > NODE_ENV=development tsx watch server/_core/index.ts
[2026-08-19T10:55:27.555Z] [OAuth] Initialized with baseURL: https://api.manus.im
[2026-08-19T10:55:27.773Z] Server running on http://localhost:3000/
[2026-08-19T10:56:25.184Z] [Auth] Missing session cookie
[2026-08-19T10:57:14.919Z] [Auth] Missing session cookie
[2026-08-19T10:57:15.282Z] [Auth] Missing session cookie
[2026-08-19T10:58:37.499Z] [Auth] Missing session cookie
[2026-08-19T11:00:47.490Z] [baseline-browser-mapping] The data in this module is over two months old.  To ensure accurate Baseline data, please update: `npm i baseline-browser-mapping@latest -D`
[2026-08-19T16:39:16.331Z] 4:39:16 PM [tsx] change in ./server/routers.ts Restarting...
[2026-08-19T16:39:17.988Z] c[OAuth] Initialized with baseURL: https://api.manus.im
[2026-08-19T16:39:18.210Z] Server running on http://localhost:3000/
[2026-08-19T16:41:17.964Z] ELIFECYCLE  Command failed.
[2026-08-19T16:41:17.998Z] Dev server exited with code -1
[2026-08-19T16:41:19.071Z] Starting dev server with command: pnpm run dev
[2026-08-19T16:41:19.833Z] > mofu-haven-website@1.0.0 dev /home/ubuntu/mofu-haven-website
[2026-08-19T16:41:19.833Z] > NODE_ENV=development tsx watch server/_core/index.ts
[2026-08-19T16:41:21.455Z] [OAuth] Initialized with baseURL: https://api.manus.im
[2026-08-19T16:41:21.667Z] Server running on http://localhost:3000/
[2026-08-19T16:41:29.958Z] [Auth] Missing session cookie
[2026-08-19T16:41:30.558Z] [Auth] Missing session cookie
[2026-08-19T16:41:41.502Z] [Auth] Missing session cookie
[2026-08-19T16:42:04.609Z] [Auth] Missing session cookie
[2026-08-19T16:42:05.019Z] [Auth] Missing session cookie
[2026-08-19T16:43:25.035Z] 4:43:25 PM [tsx] change in ./server/routers.ts Restarting...
[2026-08-19T16:43:26.937Z] c[OAuth] Initialized with baseURL: https://api.manus.im
[2026-08-19T16:43:27.146Z] Server running on http://localhost:3000/
[2026-08-19T16:44:04.801Z] 4:44:04 PM [tsx] change in ./server/routers.ts Restarting...
[2026-08-19T16:44:06.392Z] c[OAuth] Initialized with baseURL: https://api.manus.im
[2026-08-19T16:44:06.610Z] Server running on http://localhost:3000/
[2026-08-19T16:44:28.141Z] ELIFECYCLE  Command failed.
[2026-08-19T16:44:28.202Z] Dev server exited with code -1
[2026-08-19T16:44:29.248Z] Starting dev server with command: pnpm run dev
[2026-08-19T16:44:30.003Z] > mofu-haven-website@1.0.0 dev /home/ubuntu/mofu-haven-website
[2026-08-19T16:44:30.003Z] > NODE_ENV=development tsx watch server/_core/index.ts
[2026-08-19T16:44:31.618Z] [OAuth] Initialized with baseURL: https://api.manus.im
[2026-08-19T16:44:31.829Z] Server running on http://localhost:3000/
[2026-08-19T16:44:42.421Z] [Auth] Missing session cookie
[2026-08-19T16:44:42.880Z] [Auth] Missing session cookie
[2026-08-19T16:44:58.764Z] 4:44:58 PM [tsx] change in ./server/routers.ts Restarting...
[2026-08-19T16:45:00.511Z] c[OAuth] Initialized with baseURL: https://api.manus.im
[2026-08-19T16:45:00.724Z] Server running on http://localhost:3000/
[2026-08-19T16:45:09.956Z] 4:45:09 PM [tsx] change in ./server/routers.ts Restarting...
[2026-08-19T16:45:11.595Z] c[OAuth] Initialized with baseURL: https://api.manus.im
[2026-08-19T16:45:11.804Z] Server running on http://localhost:3000/
[2026-08-19T16:45:32.712Z] ELIFECYCLE  Command failed.
[2026-08-19T16:45:32.760Z] Dev server exited with code -1
[2026-08-19T16:45:33.818Z] Starting dev server with command: pnpm run dev
[2026-08-19T16:45:34.521Z] > mofu-haven-website@1.0.0 dev /home/ubuntu/mofu-haven-website
[2026-08-19T16:45:34.521Z] > NODE_ENV=development tsx watch server/_core/index.ts
[2026-08-19T16:45:36.244Z] [OAuth] Initialized with baseURL: https://api.manus.im
[2026-08-19T16:45:36.460Z] Server running on http://localhost:3000/
[2026-08-19T16:45:44.653Z] [Auth] Missing session cookie
[2026-08-19T16:45:45.088Z] [Auth] Missing session cookie
[2026-08-19T16:46:22.974Z] [baseline-browser-mapping] The data in this module is over two months old.  To ensure accurate Baseline data, please update: `npm i baseline-browser-mapping@latest -D`
[2026-08-19T16:47:29.773Z] [Auth] Missing session cookie
[2026-08-19T16:47:34.621Z] [Auth] Missing session cookie
[2026-08-19T16:47:38.515Z] [Auth] Missing session cookie
[2026-08-19T16:48:14.255Z] [Auth] Missing session cookie
[2026-08-19T16:50:13.733Z] [Auth] Missing session cookie
[2026-08-19T16:50:17.039Z] [Auth] Missing session cookie
[2026-08-19T16:50:20.740Z] [Auth] Missing session cookie
[2026-08-19T16:52:04.471Z] [Auth] Missing session cookie
[2026-08-19T16:52:04.763Z] [Auth] Missing session cookie
[2026-08-19T16:52:17.999Z] [Auth] Missing session cookie
[2026-08-19T16:52:21.334Z] [Auth] Missing session cookie
[2026-08-19T16:52:25.101Z] [Auth] Missing session cookie
[2026-08-19T16:52:35.202Z] 4:52:35 PM [tsx] change in ./server/routers.ts Restarting...
[2026-08-19T16:52:36.857Z] c[OAuth] Initialized with baseURL: https://api.manus.im
[2026-08-19T16:52:37.065Z] Server running on http://localhost:3000/
[2026-08-19T16:52:56.514Z] ELIFECYCLE  Command failed.
[2026-08-19T16:52:56.590Z] Dev server exited with code -1
[2026-08-19T16:52:57.621Z] Starting dev server with command: pnpm run dev
[2026-08-19T16:52:58.379Z] > mofu-haven-website@1.0.0 dev /home/ubuntu/mofu-haven-website
[2026-08-19T16:52:58.379Z] > NODE_ENV=development tsx watch server/_core/index.ts
[2026-08-19T16:53:00.211Z] [OAuth] Initialized with baseURL: https://api.manus.im
[2026-08-19T16:53:00.435Z] Server running on http://localhost:3000/
[2026-08-19T16:53:11.971Z] [Auth] Missing session cookie
[2026-08-19T16:53:12.553Z] [Auth] Missing session cookie
[2026-08-19T16:55:43.793Z] [baseline-browser-mapping] The data in this module is over two months old.  To ensure accurate Baseline data, please update: `npm i baseline-browser-mapping@latest -D`
[2026-08-19T16:57:20.684Z] [Auth] Missing session cookie
[2026-08-19T16:57:23.689Z] [Auth] Missing session cookie
[2026-08-19T17:13:05.106Z] 5:13:05 PM [vite] (client) hmr update /src/pages/Home.tsx, /src/index.css
[2026-08-19T17:13:20.112Z] 5:13:20 PM [vite] (client) hmr update /src/components/HeroBanner.tsx, /src/index.css
[2026-08-19T17:13:34.570Z] 5:13:34 PM [vite] (client) hmr update /src/components/CategoryGrid.tsx, /src/index.css
[2026-08-19T17:14:04.354Z] 5:14:04 PM [vite] (client) hmr update /src/components/ProductGrid.tsx, /src/index.css
[2026-08-19T17:15:09.681Z] [Auth] Missing session cookie
[2026-08-19T17:16:05.205Z] 5:16:05 PM [vite] (client) hmr update /src/index.css
[2026-08-19T17:18:04.028Z] [Auth] Missing session cookie
[2026-08-19T17:18:07.992Z] [Auth] Missing session cookie
[2026-08-19T17:20:11.000Z] 5:20:11 PM [vite] (client) hmr update /src/contexts/CartContext.tsx, /src/index.css
[2026-08-19T17:20:11.438Z] 5:20:11 PM [vite] (client) hmr invalidate /src/contexts/CartContext.tsx Could not Fast Refresh ("useCart" export is incompatible). Learn more at https://github.com/vitejs/vite-plugin-react/tree/main/packages/plugin-react#consistent-components-exports
[2026-08-19T17:20:11.439Z] 5:20:11 PM [vite] (client) hmr update /src/App.tsx, /src/components/Header.tsx, /src/components/ProductGrid.tsx, /src/components/CartDrawer.tsx
[2026-08-19T17:20:19.635Z] 5:20:19 PM [vite] (client) hmr update /src/components/ProductGrid.tsx, /src/index.css
[2026-08-19T17:20:28.985Z] 5:20:28 PM [vite] (client) hmr update /src/components/Header.tsx, /src/index.css
[2026-08-19T17:20:43.771Z] 5:20:43 PM [vite] (client) hmr update /src/components/Header.tsx, /src/index.css
[2026-08-19T17:20:52.519Z] 5:20:52 PM [vite] (client) hmr update /src/App.tsx, /src/index.css
[2026-08-19T17:21:03.247Z] 5:21:03 PM [vite] (client) hmr update /src/index.css
[2026-08-19T17:21:41.729Z] [Auth] Missing session cookie
[2026-08-19T17:21:44.761Z] [Auth] Missing session cookie
[2026-08-19T17:21:50.988Z] [Auth] Missing session cookie
[2026-08-19T17:21:53.945Z] [Auth] Missing session cookie
[2026-08-19T17:23:06.140Z] 5:23:06 PM [vite] (client) hmr update /src/index.css
[2026-08-19T17:31:35.667Z] 5:31:35 PM [vite] (client) hmr update /src/components/ProductGrid.tsx, /src/index.css
[2026-08-19T17:31:49.112Z] 5:31:49 PM [vite] (client) hmr update /src/components/ProductGrid.tsx, /src/index.css
[2026-08-19T17:31:57.773Z] 5:31:57 PM [vite] (client) hmr update /src/components/ProductGrid.tsx, /src/index.css
[2026-08-19T17:32:15.666Z] 5:32:15 PM [vite] (client) hmr update /src/components/Header.tsx, /src/index.css
[2026-08-19T17:33:37.842Z] [Auth] Missing session cookie
[2026-08-19T17:33:40.934Z] [Auth] Missing session cookie
[2026-08-19T17:33:41.247Z] [Auth] Missing session cookie
[2026-08-19T17:34:12.913Z] [Auth] Missing session cookie
[2026-08-19T17:34:15.818Z] [Auth] Missing session cookie
[2026-08-19T17:34:16.127Z] [Auth] Missing session cookie
[2026-08-19T17:35:21.384Z] 5:35:21 PM [vite] (client) hmr update /src/index.css
[2026-08-19T17:37:13.292Z] 5:37:13 PM [vite] (client) hmr update /src/components/ProductGrid.tsx, /src/index.css
[2026-08-19T17:38:45.539Z] [Auth] Missing session cookie
[2026-08-19T17:38:48.425Z] [Auth] Missing session cookie
[2026-08-19T17:38:48.737Z] [Auth] Missing session cookie
[2026-08-19T17:39:05.095Z] 5:39:05 PM [vite] (client) hmr update /src/index.css
